// Jest Snapshot v1, https://goo.gl/fbAQLP

exports[`<Credentials /> should render  1`] = `
<View
  style={
    Array [
      Object {
        "backgroundColor": "#fff",
      },
      Array [
        Object {
          "height": "92%",
        },
      ],
    ]
  }
>
  <View
    style={
      Array [
        Object {
          "backgroundColor": "#fff",
        },
        undefined,
      ]
    }
  >
    <View
      style={
        Object {
          "height": "100%",
          "justifyContent": "center",
        }
      }
    >
      <View
        accessibilityRole="progressbar"
        accessibilityState={
          Object {
            "busy": true,
          }
        }
        accessible={true}
        style={
          Array [
            Object {
              "alignItems": "center",
              "justifyContent": "center",
            },
            undefined,
          ]
        }
      >
        <View
          collapsable={false}
          style={
            Object {
              "height": 25,
              "opacity": 1,
              "width": 25,
            }
          }
        >
          <View
            collapsable={false}
            style={
              Object {
                "alignItems": "center",
                "bottom": 0,
                "justifyContent": "center",
                "left": 0,
                "position": "absolute",
                "right": 0,
                "top": 0,
              }
            }
          >
            <View
              collapsable={false}
              style={
                Object {
                  "height": 25,
                  "transform": Array [
                    Object {
                      "rotate": "45deg",
                    },
                  ],
                  "width": 25,
                }
              }
            >
              <View
                collapsable={false}
                style={
                  Object {
                    "height": 12.5,
                    "overflow": "hidden",
                    "width": 25,
                  }
                }
              >
                <View
                  collapsable={false}
                  style={
                    Object {
                      "height": 25,
                      "transform": Array [
                        Object {
                          "translateY": 0,
                        },
                        Object {
                          "rotate": "-165deg",
                        },
                      ],
                      "width": 25,
                    }
                  }
                >
                  <View
                    collapsable={false}
                    style={
                      Object {
                        "height": 12.5,
                        "overflow": "hidden",
                        "width": 25,
                      }
                    }
                  >
                    <View
                      collapsable={false}
                      style={
                        Object {
                          "borderColor": "#eb5b5b",
                          "borderRadius": 12.5,
                          "borderWidth": 2.5,
                          "height": 25,
                          "width": 25,
                        }
                      }
                    />
                  </View>
                </View>
              </View>
            </View>
          </View>
          <View
            collapsable={false}
            style={
              Object {
                "alignItems": "center",
                "bottom": 0,
                "justifyContent": "center",
                "left": 0,
                "position": "absolute",
                "right": 0,
                "top": 0,
              }
            }
          >
            <View
              collapsable={false}
              style={
                Object {
                  "height": 25,
                  "transform": Array [
                    Object {
                      "rotate": "45deg",
                    },
                  ],
                  "width": 25,
                }
              }
            >
              <View
                collapsable={false}
                style={
                  Object {
                    "height": 12.5,
                    "overflow": "hidden",
                    "top": 12.5,
                    "width": 25,
                  }
                }
              >
                <View
                  collapsable={false}
                  style={
                    Object {
                      "height": 25,
                      "transform": Array [
                        Object {
                          "translateY": -12.5,
                        },
                        Object {
                          "rotate": "345deg",
                        },
                      ],
                      "width": 25,
                    }
                  }
                >
                  <View
                    collapsable={false}
                    style={
                      Object {
                        "height": 12.5,
                        "overflow": "hidden",
                        "width": 25,
                      }
                    }
                  >
                    <View
                      collapsable={false}
                      style={
                        Object {
                          "borderColor": "#eb5b5b",
                          "borderRadius": 12.5,
                          "borderWidth": 2.5,
                          "height": 25,
                          "width": 25,
                        }
                      }
                    />
                  </View>
                </View>
              </View>
            </View>
          </View>
        </View>
      </View>
    </View>
  </View>
  <View
    style={
      Array [
        Object {
          "borderRadius": 16,
          "bottom": -20,
          "elevation": 6,
          "paddingBottom": 4,
          "paddingLeft": 4,
          "paddingRight": 4,
          "paddingTop": 4,
          "position": "absolute",
          "right": 15,
        },
      ]
    }
  >
    <View
      collapsable={false}
      style={
        Object {
          "backgroundColor": "#eb5b5b",
          "borderRadius": 16,
          "shadowColor": "#000",
          "shadowOffset": Object {
            "height": 0,
            "width": 0,
          },
          "shadowOpacity": 0,
          "shadowRadius": 0,
        }
      }
      testID="ActionButton-container-outer-layer"
    >
      <View
        collapsable={false}
        size={82}
        style={
          Object {
            "alignItems": "center",
            "backgroundColor": "#eb5b5b",
            "borderColor": "transparent",
            "borderRadius": 16,
            "borderStyle": "solid",
            "borderWidth": 0,
            "flex": undefined,
            "justifyContent": "center",
            "minWidth": 64,
            "shadowColor": "#000",
            "shadowOffset": Object {
              "height": 0,
              "width": 0,
            },
            "shadowOpacity": 0,
            "shadowRadius": 0,
          }
        }
        testID="ActionButton-container"
      >
        <View
          accessibilityRole="button"
          accessibilityState={
            Object {
              "disabled": false,
            }
          }
          accessible={true}
          collapsable={false}
          focusable={true}
          onBlur={[Function]}
          onClick={[Function]}
          onFocus={[Function]}
          onResponderGrant={[Function]}
          onResponderMove={[Function]}
          onResponderRelease={[Function]}
          onResponderTerminate={[Function]}
          onResponderTerminationRequest={[Function]}
          onStartShouldSetResponder={[Function]}
          style={
            Array [
              Object {
                "overflow": "hidden",
              },
              Object {
                "borderRadius": 16,
              },
            ]
          }
          testID="ActionButton"
        >
          <View
            style={
              Array [
                Object {
                  "alignItems": "center",
                  "flexDirection": "row",
                  "justifyContent": "center",
                },
                Object {
                  "backgroundColor": "#eb5b5b",
                  "paddingVertical": 16,
                },
              ]
            }
          >
            <View
              style={
                Array [
                  Object {
                    "marginLeft": 12,
                    "marginRight": -4,
                  },
                  Object {
                    "marginLeft": 16,
                    "marginRight": -16,
                  },
                  false,
                ]
              }
              testID="ActionButton-icon-container"
            >
              <Text />
            </View>
            <Text
              numberOfLines={1}
              selectable={false}
              style={
                Array [
                  Object {
                    "textAlign": "left",
                  },
                  Object {
                    "color": "rgba(28, 27, 31, 1)",
                    "writingDirection": "ltr",
                  },
                  Array [
                    Object {
                      "fontFamily": "System",
                      "fontSize": 14,
                      "fontWeight": "500",
                      "letterSpacing": 0.1,
                      "lineHeight": 20,
                    },
                    Array [
                      Object {
                        "marginHorizontal": 16,
                        "marginVertical": 9,
                        "textAlign": "center",
                      },
                      false,
                      Object {
                        "marginHorizontal": 24,
                        "marginVertical": 10,
                      },
                      undefined,
                      false,
                      Object {
                        "color": "rgba(255, 255, 255, 1)",
                        "fontFamily": "System",
                        "fontSize": 14,
                        "fontWeight": "500",
                        "letterSpacing": 0.1,
                        "lineHeight": 20,
                      },
                      Object {
                        "color": "#000",
                        "fontFamily": "Muli",
                        "letterSpacing": 0.57,
                      },
                    ],
                  ],
                ]
              }
              testID="ActionButton-text"
            >
              BUTTON_SCAN
            </Text>
          </View>
        </View>
      </View>
    </View>
  </View>
</View>
`;
