// Jest Snapshot v1, https://goo.gl/fbAQLP

exports[`DerivationPath screen should render DerivationPath screen 1`] = `
<View
  className="StyledNativeComponent sc-eDvSVe cGYWIG"
>
  <View
    collapsable={false}
    style={
      {
        "backgroundColor": "transparent",
        "borderRadius": 20,
        "shadowColor": "#000",
        "shadowOffset": {
          "height": 0,
          "width": 0,
        },
        "shadowOpacity": 0,
        "shadowRadius": 0,
      }
    }
    testID="button-container-outer-layer"
  >
    <View
      className="sc-jSUZER hxcjZp"
      collapsable={false}
      style={
        {
          "backgroundColor": "transparent",
          "borderColor": "transparent",
          "borderRadius": 20,
          "borderStyle": "solid",
          "borderWidth": 0,
          "flex": undefined,
          "minWidth": 64,
          "shadowColor": "#000",
          "shadowOffset": {
            "height": 0,
            "width": 0,
          },
          "shadowOpacity": 0,
          "shadowRadius": 0,
        }
      }
      testID="button-container"
    >
      <View
        accessibilityRole="button"
        accessibilityState={
          {
            "busy": undefined,
            "checked": undefined,
            "disabled": false,
            "expanded": undefined,
            "selected": undefined,
          }
        }
        accessibilityValue={
          {
            "max": undefined,
            "min": undefined,
            "now": undefined,
            "text": undefined,
          }
        }
        accessible={true}
        collapsable={false}
        focusable={true}
        onBlur={[Function]}
        onClick={[Function]}
        onFocus={[Function]}
        onResponderGrant={[Function]}
        onResponderMove={[Function]}
        onResponderRelease={[Function]}
        onResponderTerminate={[Function]}
        onResponderTerminationRequest={[Function]}
        onStartShouldSetResponder={[Function]}
        style={
          [
            {
              "overflow": "hidden",
            },
            {
              "borderRadius": 20,
            },
          ]
        }
        testID="button"
      >
        <View
          style={
            [
              {
                "alignItems": "center",
                "flexDirection": "row",
                "justifyContent": "center",
              },
              undefined,
            ]
          }
        >
          <View
            style={
              [
                {
                  "marginLeft": 12,
                  "marginRight": -4,
                },
                {
                  "marginLeft": 16,
                  "marginRight": -16,
                },
                {
                  "marginLeft": 12,
                  "marginRight": -8,
                },
              ]
            }
            testID="button-icon-container"
          >
            <Text />
          </View>
          <Text
            numberOfLines={1}
            selectable={false}
            style={
              [
                {
                  "textAlign": "left",
                },
                {
                  "color": "rgba(28, 27, 31, 1)",
                  "writingDirection": "ltr",
                },
                [
                  {
                    "fontFamily": "System",
                    "fontSize": 14,
                    "fontWeight": "500",
                    "letterSpacing": 0.1,
                    "lineHeight": 20,
                  },
                  [
                    {
                      "marginHorizontal": 16,
                      "marginVertical": 9,
                      "textAlign": "center",
                    },
                    false,
                    {
                      "marginHorizontal": 16,
                    },
                    undefined,
                    false,
                    {
                      "color": "rgba(103, 80, 164, 1)",
                      "fontFamily": "System",
                      "fontSize": 14,
                      "fontWeight": "500",
                      "letterSpacing": 0.1,
                      "lineHeight": 20,
                    },
                    {
                      "color": "#eb5b5b",
                    },
                  ],
                ],
              ]
            }
            testID="button-text"
          >
            GO_BACK
          </Text>
        </View>
      </View>
    </View>
  </View>
  <View
    className="sc-kDvujY dcxJXj"
  >
    <Text
      bold={true}
      className="sc-bcXHqe sc-dkrFOg sc-gKPRtg hXdTLw fuygvB kpWXDE"
      fontFamily="Montserrat-Bold"
      style={
        [
          {
            "textAlign": "left",
          },
          {
            "color": "rgba(28, 27, 31, 1)",
            "fontFamily": "System",
            "fontWeight": "400",
            "letterSpacing": 0,
          },
          {
            "writingDirection": "ltr",
          },
          undefined,
        ]
      }
      testID="title"
    >
      TITLE
    </Text>
    <Text
      className="sc-bcXHqe sc-gswNZR sc-iBYQkv laZgtI kEJapR jecNku"
      style={
        [
          {
            "textAlign": "left",
          },
          {
            "color": "rgba(28, 27, 31, 1)",
            "fontFamily": "System",
            "fontWeight": "400",
            "letterSpacing": 0,
          },
          {
            "writingDirection": "ltr",
          },
          undefined,
        ]
      }
    >
      SUBTITLE
    </Text>
    <View
      accessibilityState={
        {
          "busy": undefined,
          "checked": undefined,
          "disabled": undefined,
          "expanded": undefined,
          "selected": undefined,
        }
      }
      accessibilityValue={
        {
          "max": undefined,
          "min": undefined,
          "now": undefined,
          "text": undefined,
        }
      }
      accessible={true}
      collapsable={false}
      focusable={true}
      onClick={[Function]}
      onResponderGrant={[Function]}
      onResponderMove={[Function]}
      onResponderRelease={[Function]}
      onResponderTerminate={[Function]}
      onResponderTerminationRequest={[Function]}
      onStartShouldSetResponder={[Function]}
      style={
        {
          "opacity": 1,
        }
      }
    >
      <View
        collapsable={false}
        style={
          {
            "backgroundColor": "rgba(247, 243, 249, 1)",
            "borderRadius": 12,
            "shadowColor": "#000",
            "shadowOffset": {
              "height": 1,
              "width": 0,
            },
            "shadowOpacity": 0.15,
            "shadowRadius": 3,
          }
        }
        testID="card-container-outer-layer"
      >
        <View
          alignItems="center"
          className="sc-csuSiG jiIJTx"
          collapsable={false}
          justifyContent="flex-end"
          style={
            {
              "backgroundColor": "rgba(247, 243, 249, 1)",
              "borderRadius": 12,
              "elevation": 1,
              "flex": undefined,
              "shadowColor": "#000",
              "shadowOffset": {
                "height": 1,
                "width": 0,
              },
              "shadowOpacity": 0.3,
              "shadowRadius": 1,
            }
          }
          testID="card-container"
        >
          <View
            style={
              [
                {
                  "flexShrink": 1,
                },
                undefined,
              ]
            }
            testID="card"
          >
            <View
              style={
                [
                  {
                    "paddingHorizontal": 16,
                  },
                  {
                    "paddingVertical": 16,
                  },
                  undefined,
                ]
              }
            >
              <Text
                bold={true}
                className="sc-bcXHqe sc-dkrFOg sc-bqWxrE hXdTLw fuygvB eVCsWZ"
                fontFamily="Montserrat-Bold"
                style={
                  [
                    {
                      "textAlign": "left",
                    },
                    {
                      "color": "rgba(28, 27, 31, 1)",
                      "fontFamily": "System",
                      "fontWeight": "400",
                      "letterSpacing": 0,
                    },
                    {
                      "writingDirection": "ltr",
                    },
                    undefined,
                  ]
                }
              >
                HIDDEN_TITLE
              </Text>
            </View>
          </View>
        </View>
      </View>
    </View>
    <View
      className="sc-jrcTuL bXAgwe"
    >
      <View
        collapsable={false}
        style={
          {
            "backgroundColor": "transparent",
            "borderRadius": 20,
            "shadowColor": "#000",
            "shadowOffset": {
              "height": 0,
              "width": 0,
            },
            "shadowOpacity": 0,
            "shadowRadius": 0,
          }
        }
        testID="button-container-outer-layer"
      >
        <View
          collapsable={false}
          style={
            {
              "backgroundColor": "transparent",
              "borderColor": "transparent",
              "borderRadius": 20,
              "borderStyle": "solid",
              "borderWidth": 0,
              "flex": undefined,
              "minWidth": 64,
              "shadowColor": "#000",
              "shadowOffset": {
                "height": 0,
                "width": 0,
              },
              "shadowOpacity": 0,
              "shadowRadius": 0,
            }
          }
          testID="button-container"
        >
          <View
            accessibilityRole="button"
            accessibilityState={
              {
                "busy": undefined,
                "checked": undefined,
                "disabled": false,
                "expanded": undefined,
                "selected": undefined,
              }
            }
            accessibilityValue={
              {
                "max": undefined,
                "min": undefined,
                "now": undefined,
                "text": undefined,
              }
            }
            accessible={true}
            collapsable={false}
            focusable={true}
            onBlur={[Function]}
            onClick={[Function]}
            onFocus={[Function]}
            onResponderGrant={[Function]}
            onResponderMove={[Function]}
            onResponderRelease={[Function]}
            onResponderTerminate={[Function]}
            onResponderTerminationRequest={[Function]}
            onStartShouldSetResponder={[Function]}
            style={
              [
                {
                  "overflow": "hidden",
                },
                {
                  "borderRadius": 20,
                },
              ]
            }
            testID="button"
          >
            <View
              style={
                [
                  {
                    "alignItems": "center",
                    "flexDirection": "row",
                    "justifyContent": "center",
                  },
                  {
                    "backgroundColor": "#eb5b5b",
                    "borderRadius": 15,
                    "fontFamily": "Muli",
                    "height": 39,
                    "width": 224,
                  },
                ]
              }
            >
              <Text
                numberOfLines={1}
                selectable={false}
                style={
                  [
                    {
                      "textAlign": "left",
                    },
                    {
                      "color": "rgba(28, 27, 31, 1)",
                      "writingDirection": "ltr",
                    },
                    [
                      {
                        "fontFamily": "System",
                        "fontSize": 14,
                        "fontWeight": "500",
                        "letterSpacing": 0.1,
                        "lineHeight": 20,
                      },
                      [
                        {
                          "marginHorizontal": 16,
                          "marginVertical": 9,
                          "textAlign": "center",
                        },
                        false,
                        {
                          "marginHorizontal": 12,
                        },
                        undefined,
                        false,
                        {
                          "color": "rgba(103, 80, 164, 1)",
                          "fontFamily": "System",
                          "fontSize": 14,
                          "fontWeight": "500",
                          "letterSpacing": 0.1,
                          "lineHeight": 20,
                        },
                        {
                          "color": "#000",
                          "fontFamily": "Muli",
                          "letterSpacing": 0.57,
                        },
                      ],
                    ],
                  ]
                }
                testID="button-text"
              >
                BUTTON
              </Text>
            </View>
          </View>
        </View>
      </View>
    </View>
  </View>
</View>
`;
