// Jest Snapshot v1, https://goo.gl/fbAQLP

exports[`<QrReader /> renders correctly 1`] = `
<View
  style={
    Array [
      Object {
        "backgroundColor": "black",
        "flexBasis": 0,
        "flexGrow": 1,
        "flexShrink": 1,
      },
    ]
  }
>
  <View
    accessibilityRole="progressbar"
    accessibilityState={
      Object {
        "busy": true,
      }
    }
    accessible={true}
    style={
      Array [
        Object {
          "alignItems": "center",
          "justifyContent": "center",
        },
        Object {
          "alignSelf": "center",
          "position": "absolute",
          "top": "45%",
          "zIndex": 100000,
        },
      ]
    }
  >
    <View
      collapsable={false}
      style={
        Object {
          "height": 70,
          "opacity": 1,
          "width": 70,
        }
      }
    >
      <View
        collapsable={false}
        style={
          Object {
            "alignItems": "center",
            "bottom": 0,
            "justifyContent": "center",
            "left": 0,
            "position": "absolute",
            "right": 0,
            "top": 0,
          }
        }
      >
        <View
          collapsable={false}
          style={
            Object {
              "height": 70,
              "transform": Array [
                Object {
                  "rotate": "45deg",
                },
              ],
              "width": 70,
            }
          }
        >
          <View
            collapsable={false}
            style={
              Object {
                "height": 35,
                "overflow": "hidden",
                "width": 70,
              }
            }
          >
            <View
              collapsable={false}
              style={
                Object {
                  "height": 70,
                  "transform": Array [
                    Object {
                      "translateY": 0,
                    },
                    Object {
                      "rotate": "-165deg",
                    },
                  ],
                  "width": 70,
                }
              }
            >
              <View
                collapsable={false}
                style={
                  Object {
                    "height": 35,
                    "overflow": "hidden",
                    "width": 70,
                  }
                }
              >
                <View
                  collapsable={false}
                  style={
                    Object {
                      "borderColor": "#eb5b5b",
                      "borderRadius": 35,
                      "borderWidth": 7,
                      "height": 70,
                      "width": 70,
                    }
                  }
                />
              </View>
            </View>
          </View>
        </View>
      </View>
      <View
        collapsable={false}
        style={
          Object {
            "alignItems": "center",
            "bottom": 0,
            "justifyContent": "center",
            "left": 0,
            "position": "absolute",
            "right": 0,
            "top": 0,
          }
        }
      >
        <View
          collapsable={false}
          style={
            Object {
              "height": 70,
              "transform": Array [
                Object {
                  "rotate": "45deg",
                },
              ],
              "width": 70,
            }
          }
        >
          <View
            collapsable={false}
            style={
              Object {
                "height": 35,
                "overflow": "hidden",
                "top": 35,
                "width": 70,
              }
            }
          >
            <View
              collapsable={false}
              style={
                Object {
                  "height": 70,
                  "transform": Array [
                    Object {
                      "translateY": -35,
                    },
                    Object {
                      "rotate": "345deg",
                    },
                  ],
                  "width": 70,
                }
              }
            >
              <View
                collapsable={false}
                style={
                  Object {
                    "height": 35,
                    "overflow": "hidden",
                    "width": 70,
                  }
                }
              >
                <View
                  collapsable={false}
                  style={
                    Object {
                      "borderColor": "#eb5b5b",
                      "borderRadius": 35,
                      "borderWidth": 7,
                      "height": 70,
                      "width": 70,
                    }
                  }
                />
              </View>
            </View>
          </View>
        </View>
      </View>
    </View>
  </View>
</View>
`;
